2026-04-22 13:07:19,960 | MainThread   | [INFO    ] | update_step         |: Update Step
2026-04-22 13:07:19,961 | MainThread   | [INFO    ] | update_step         |:      | Update Time: 0.001 secs
2026-04-22 13:07:24,557 | MainThread   | [INFO    ] | prediction_step     |: Prediction Step
2026-04-22 13:07:24,576 | MainThread   | [INFO    ] | prediction_step     |:  | Prediction Time: 0.018 secs
2026-04-22 13:07:27,586 | MainThread   | [INFO    ] | update_step         |: Update Step
2026-04-22 13:07:27,587 | MainThread   | [INFO    ] | update_step         |:      | Update Time: 0.001 secs
2026-04-22 13:07:29,641 | MainThread   | [INFO    ] | prediction_step     |: Prediction Step
2026-04-22 13:07:29,650 | MainThread   | [INFO    ] | prediction_step     |:  | Prediction Time: 0.009 secs
2026-04-22 13:07:32,647 | MainThread   | [INFO    ] | update_step         |: Update Step
2026-04-22 13:07:32,648 | MainThread   | [INFO    ] | update_step         |:      | Update Time: 0.001 secs
2026-04-22 13:07:33,705 | MainThread   | [INFO    ] | prediction_step     |: Prediction Step
2026-04-22 13:07:33,715 | MainThread   | [INFO    ] | prediction_step     |:  | Prediction Time: 0.009 secs
2026-04-22 13:07:36,705 | MainThread   | [INFO    ] | update_step         |: Update Step
2026-04-22 13:07:36,706 | MainThread   | [INFO    ] | update_step         |:      | Update Time: 0.001 secs
2026-04-22 13:07:37,760 | MainThread   | [INFO    ] | prediction_step     |: Prediction Step
2026-04-22 13:07:37,771 | MainThread   | [INFO    ] | prediction_step     |:  | Prediction Time: 0.010 secs
2026-04-22 13:07:41,718 | MainThread   | [INFO    ] | update_step         |: Update Step
2026-04-22 13:07:41,719 | MainThread   | [INFO    ] | update_step         |:      | Update Time: 0.001 secs
2026-04-22 13:07:44,789 | MainThread   | [INFO    ] | prediction_step     |: Prediction Step
2026-04-22 13:07:44,799 | MainThread   | [INFO    ] | prediction_step     |:  | Prediction Time: 0.009 secs
2026-04-22 13:07:48,734 | MainThread   | [INFO    ] | update_step         |: Update Step
2026-04-22 13:07:48,735 | MainThread   | [INFO    ] | update_step         |:      | Update Time: 0.001 secs
2026-04-22 13:07:54,801 | MainThread   | [INFO    ] | prediction_step     |: Prediction Step
2026-04-22 13:07:54,811 | MainThread   | [INFO    ] | prediction_step     |:  | Prediction Time: 0.010 secs
2026-04-22 13:07:57,791 | MainThread   | [INFO    ] | update_step         |: Update Step
2026-04-22 13:07:57,792 | MainThread   | [INFO    ] | update_step         |:      | Update Time: 0.001 secs
2026-04-22 13:07:59,861 | MainThread   | [INFO    ] | prediction_step     |: Prediction Step
2026-04-22 13:07:59,870 | MainThread   | [INFO    ] | prediction_step     |:  | Prediction Time: 0.009 secs
2026-04-22 13:08:02,860 | MainThread   | [INFO    ] | update_step         |: Update Step
2026-04-22 13:08:02,861 | MainThread   | [INFO    ] | update_step         |:      | Update Time: 0.001 secs
2026-04-22 13:08:04,915 | MainThread   | [INFO    ] | prediction_step     |: Prediction Step
2026-04-22 13:08:04,925 | MainThread   | [INFO    ] | prediction_step     |:  | Prediction Time: 0.009 secs
2026-04-22 13:08:07,907 | MainThread   | [INFO    ] | update_step         |: Update Step
2026-04-22 13:08:07,908 | MainThread   | [INFO    ] | update_step         |:      | Update Time: 0.001 secs
2026-04-22 13:08:10,967 | MainThread   | [INFO    ] | prediction_step     |: Prediction Step
2026-04-22 13:08:10,976 | MainThread   | [INFO    ] | prediction_step     |:  | Prediction Time: 0.009 secs
2026-04-22 13:08:13,971 | MainThread   | [INFO    ] | update_step         |: Update Step
2026-04-22 13:08:13,972 | MainThread   | [INFO    ] | update_step         |:      | Update Time: 0.001 secs
2026-04-22 13:08:17,038 | MainThread   | [INFO    ] | prediction_step     |: Prediction Step
2026-04-22 13:08:17,048 | MainThread   | [INFO    ] | prediction_step     |:  | Prediction Time: 0.009 secs
2026-04-22 13:08:20,032 | MainThread   | [INFO    ] | update_step         |: Update Step
2026-04-22 13:08:20,033 | MainThread   | [INFO    ] | update_step         |:      | Update Time: 0.001 secs
2026-04-22 13:08:22,087 | MainThread   | [INFO    ] | prediction_step     |: Prediction Step
2026-04-22 13:08:22,097 | MainThread   | [INFO    ] | prediction_step     |:  | Prediction Time: 0.009 secs
2026-04-22 13:08:25,082 | MainThread   | [INFO    ] | update_step         |: Update Step
2026-04-22 13:08:25,084 | MainThread   | [INFO    ] | update_step         |:      | Update Time: 0.001 secs
2026-04-22 13:08:28,153 | MainThread   | [INFO    ] | prediction_step     |: Prediction Step
2026-04-22 13:08:28,163 | MainThread   | [INFO    ] | prediction_step     |:  | Prediction Time: 0.009 secs
2026-04-22 13:08:35,072 | MainThread   | [INFO    ] | update_step         |: Update Step
2026-04-22 13:08:35,073 | MainThread   | [INFO    ] | update_step         |:      | Update Time: 0.001 secs
2026-04-22 13:08:37,130 | MainThread   | [INFO    ] | prediction_step     |: Prediction Step
2026-04-22 13:08:37,139 | MainThread   | [INFO    ] | prediction_step     |:  | Prediction Time: 0.009 secs
2026-04-22 13:08:40,135 | MainThread   | [INFO    ] | update_step         |: Update Step
2026-04-22 13:08:40,136 | MainThread   | [INFO    ] | update_step         |:      | Update Time: 0.001 secs
2026-04-22 13:08:42,202 | MainThread   | [INFO    ] | prediction_step     |: Prediction Step
2026-04-22 13:08:42,211 | MainThread   | [INFO    ] | prediction_step     |:  | Prediction Time: 0.009 secs
2026-04-22 13:08:45,188 | MainThread   | [INFO    ] | update_step         |: Update Step
2026-04-22 13:08:45,189 | MainThread   | [INFO    ] | update_step         |:      | Update Time: 0.001 secs
2026-04-22 13:08:48,245 | MainThread   | [INFO    ] | prediction_step     |: Prediction Step
2026-04-22 13:08:48,264 | MainThread   | [INFO    ] | prediction_step     |:  | Prediction Time: 0.018 secs
2026-04-22 13:08:51,254 | MainThread   | [INFO    ] | update_step         |: Update Step
2026-04-22 13:08:51,255 | MainThread   | [INFO    ] | update_step         |:      | Update Time: 0.001 secs
2026-04-22 13:08:54,321 | MainThread   | [INFO    ] | prediction_step     |: Prediction Step
2026-04-22 13:08:54,339 | MainThread   | [INFO    ] | prediction_step     |:  | Prediction Time: 0.018 secs
2026-04-22 13:09:03,478 | MainThread   | [INFO    ] | update_step         |: Update Step
2026-04-22 13:09:03,479 | MainThread   | [INFO    ] | update_step         |:      | Update Time: 0.001 secs
2026-04-22 13:09:58,144 | MainThread   | [INFO    ] | update_step         |: Update Step
2026-04-22 13:09:58,145 | MainThread   | [INFO    ] | update_step         |:      | Update Time: 0.001 secs
2026-04-22 13:10:10,203 | MainThread   | [INFO    ] | prediction_step     |: Prediction Step
2026-04-22 13:10:10,222 | MainThread   | [INFO    ] | prediction_step     |:  | Prediction Time: 0.018 secs
2026-04-22 13:10:13,199 | MainThread   | [INFO    ] | update_step         |: Update Step
2026-04-22 13:10:13,200 | MainThread   | [INFO    ] | update_step         |:      | Update Time: 0.001 secs
2026-04-22 13:10:15,256 | MainThread   | [INFO    ] | prediction_step     |: Prediction Step
2026-04-22 13:10:15,268 | MainThread   | [INFO    ] | prediction_step     |:  | Prediction Time: 0.012 secs
2026-04-22 13:10:19,236 | MainThread   | [INFO    ] | update_step         |: Update Step
2026-04-22 13:10:19,237 | MainThread   | [INFO    ] | update_step         |:      | Update Time: 0.001 secs
2026-04-22 13:10:20,292 | MainThread   | [INFO    ] | prediction_step     |: Prediction Step
2026-04-22 13:10:20,302 | MainThread   | [INFO    ] | prediction_step     |:  | Prediction Time: 0.010 secs
2026-04-22 13:10:23,299 | MainThread   | [INFO    ] | update_step         |: Update Step
2026-04-22 13:10:23,300 | MainThread   | [INFO    ] | update_step         |:      | Update Time: 0.001 secs
2026-04-22 13:10:24,366 | MainThread   | [INFO    ] | prediction_step     |: Prediction Step
2026-04-22 13:10:24,375 | MainThread   | [INFO    ] | prediction_step     |:  | Prediction Time: 0.009 secs
2026-04-22 13:10:27,369 | MainThread   | [INFO    ] | update_step         |: Update Step
2026-04-22 13:10:27,370 | MainThread   | [INFO    ] | update_step         |:      | Update Time: 0.001 secs
2026-04-22 13:10:30,435 | MainThread   | [INFO    ] | prediction_step     |: Prediction Step
2026-04-22 13:10:30,445 | MainThread   | [INFO    ] | prediction_step     |:  | Prediction Time: 0.009 secs
2026-04-22 13:10:33,447 | MainThread   | [INFO    ] | update_step         |: Update Step
2026-04-22 13:10:33,448 | MainThread   | [INFO    ] | update_step         |:      | Update Time: 0.001 secs
2026-04-22 13:10:39,523 | MainThread   | [INFO    ] | prediction_step     |: Prediction Step
2026-04-22 13:10:39,533 | MainThread   | [INFO    ] | prediction_step     |:  | Prediction Time: 0.009 secs
2026-04-22 13:10:42,503 | MainThread   | [INFO    ] | update_step         |: Update Step
2026-04-22 13:10:42,503 | MainThread   | [INFO    ] | update_step         |:      | Update Time: 0.001 secs
2026-04-22 13:10:44,573 | MainThread   | [INFO    ] | prediction_step     |: Prediction Step
2026-04-22 13:10:44,583 | MainThread   | [INFO    ] | prediction_step     |:  | Prediction Time: 0.009 secs
2026-04-22 13:10:47,565 | MainThread   | [INFO    ] | update_step         |: Update Step
2026-04-22 13:10:47,566 | MainThread   | [INFO    ] | update_step         |:      | Update Time: 0.001 secs
2026-04-22 13:10:49,631 | MainThread   | [INFO    ] | prediction_step     |: Prediction Step
2026-04-22 13:10:49,641 | MainThread   | [INFO    ] | prediction_step     |:  | Prediction Time: 0.009 secs
2026-04-22 13:10:52,621 | MainThread   | [INFO    ] | update_step         |: Update Step
2026-04-22 13:10:52,621 | MainThread   | [INFO    ] | update_step         |:      | Update Time: 0.001 secs
2026-04-22 13:10:55,687 | MainThread   | [INFO    ] | prediction_step     |: Prediction Step
2026-04-22 13:10:55,696 | MainThread   | [INFO    ] | prediction_step     |:  | Prediction Time: 0.010 secs
2026-04-22 13:10:58,672 | MainThread   | [INFO    ] | update_step         |: Update Step
2026-04-22 13:10:58,673 | MainThread   | [INFO    ] | update_step         |:      | Update Time: 0.001 secs
2026-04-22 13:11:01,745 | MainThread   | [INFO    ] | prediction_step     |: Prediction Step
2026-04-22 13:11:01,764 | MainThread   | [INFO    ] | prediction_step     |:  | Prediction Time: 0.019 secs
2026-04-22 13:11:04,755 | MainThread   | [INFO    ] | update_step         |: Update Step
2026-04-22 13:11:04,756 | MainThread   | [INFO    ] | update_step         |:      | Update Time: 0.001 secs
2026-04-22 13:11:06,812 | MainThread   | [INFO    ] | prediction_step     |: Prediction Step
2026-04-22 13:11:06,822 | MainThread   | [INFO    ] | prediction_step     |:  | Prediction Time: 0.010 secs
2026-04-22 13:11:09,821 | MainThread   | [INFO    ] | update_step         |: Update Step
2026-04-22 13:11:09,822 | MainThread   | [INFO    ] | update_step         |:      | Update Time: 0.001 secs
2026-04-22 13:11:12,890 | MainThread   | [INFO    ] | prediction_step     |: Prediction Step
2026-04-22 13:11:12,900 | MainThread   | [INFO    ] | prediction_step     |:  | Prediction Time: 0.010 secs
2026-04-22 13:11:15,897 | MainThread   | [INFO    ] | update_step         |: Update Step
2026-04-22 13:11:15,898 | MainThread   | [INFO    ] | update_step         |:      | Update Time: 0.001 secs
2026-04-22 13:11:17,967 | MainThread   | [INFO    ] | prediction_step     |: Prediction Step
2026-04-22 13:11:17,976 | MainThread   | [INFO    ] | prediction_step     |:  | Prediction Time: 0.009 secs
2026-04-22 13:11:20,963 | MainThread   | [INFO    ] | update_step         |: Update Step
2026-04-22 13:11:20,964 | MainThread   | [INFO    ] | update_step         |:      | Update Time: 0.001 secs
2026-04-22 13:11:23,033 | MainThread   | [INFO    ] | prediction_step     |: Prediction Step
2026-04-22 13:11:23,043 | MainThread   | [INFO    ] | prediction_step     |:  | Prediction Time: 0.009 secs
2026-04-22 13:11:26,037 | MainThread   | [INFO    ] | update_step         |: Update Step
2026-04-22 13:11:26,038 | MainThread   | [INFO    ] | update_step         |:      | Update Time: 0.001 secs
2026-04-22 13:11:29,111 | MainThread   | [INFO    ] | prediction_step     |: Prediction Step
2026-04-22 13:11:29,121 | MainThread   | [INFO    ] | prediction_step     |:  | Prediction Time: 0.009 secs
2026-04-22 13:11:32,128 | MainThread   | [INFO    ] | update_step         |: Update Step
2026-04-22 13:11:32,129 | MainThread   | [INFO    ] | update_step         |:      | Update Time: 0.001 secs
2026-04-22 13:11:35,195 | MainThread   | [INFO    ] | prediction_step     |: Prediction Step
2026-04-22 13:11:35,205 | MainThread   | [INFO    ] | prediction_step     |:  | Prediction Time: 0.010 secs
2026-04-22 13:11:38,207 | MainThread   | [INFO    ] | update_step         |: Update Step
2026-04-22 13:11:38,208 | MainThread   | [INFO    ] | update_step         |:      | Update Time: 0.001 secs
2026-04-22 15:31:53,314 | MainThread   | [INFO    ] | update_step         |: Update Step
2026-04-22 15:31:53,316 | MainThread   | [INFO    ] | update_step         |:      | Update Time: 0.001 secs
2026-04-22 15:31:53,316 | MainThread   | [INFO    ] | plot_update_step_data|: Bel index     : (np.int64(6), np.int64(2), np.int64(7)) with prob = 1.0
2026-04-22 15:31:53,316 | MainThread   | [INFO    ] | plot_update_step_data|: Bel_bar prob at index = 0.00051440329218107
2026-04-22 15:31:53,317 | MainThread   | [INFO    ] | plot_update_step_data|: Belief        : (0.305, -0.610, -30.000)
2026-04-22 15:35:47,285 | MainThread   | [INFO    ] | update_step         |: Update Step
2026-04-22 15:35:47,286 | MainThread   | [INFO    ] | update_step         |:      | Update Time: 0.001 secs
2026-04-22 15:35:47,286 | MainThread   | [INFO    ] | plot_update_step_data|: Bel index     : (np.int64(5), np.int64(7), np.int64(4)) with prob = 0.9999999
2026-04-22 15:35:47,286 | MainThread   | [INFO    ] | plot_update_step_data|: Bel_bar prob at index = 0.00051440329218107
2026-04-22 15:35:47,286 | MainThread   | [INFO    ] | plot_update_step_data|: Belief        : (0.000, 0.914, -90.000)
2026-04-22 15:40:30,331 | MainThread   | [INFO    ] | update_step         |: Update Step
2026-04-22 15:40:30,332 | MainThread   | [INFO    ] | update_step         |:      | Update Time: 0.001 secs
2026-04-22 15:40:30,332 | MainThread   | [INFO    ] | plot_update_step_data|: Bel index     : (np.int64(2), np.int64(2), np.int64(5)) with prob = 0.9999999
2026-04-22 15:40:30,333 | MainThread   | [INFO    ] | plot_update_step_data|: Bel_bar prob at index = 0.00051440329218107
2026-04-22 15:40:30,333 | MainThread   | [INFO    ] | plot_update_step_data|: Belief        : (-0.914, -0.610, -70.000)
2026-04-22 15:45:21,095 | MainThread   | [INFO    ] | update_step         |: Update Step
2026-04-22 15:45:21,095 | MainThread   | [INFO    ] | update_step         |:      | Update Time: 0.001 secs
2026-04-22 15:45:21,096 | MainThread   | [INFO    ] | plot_update_step_data|: Bel index     : (np.int64(10), np.int64(1), np.int64(5)) with prob = 0.9990546
2026-04-22 15:45:21,096 | MainThread   | [INFO    ] | plot_update_step_data|: Bel_bar prob at index = 0.00051440329218107
2026-04-22 15:45:21,096 | MainThread   | [INFO    ] | plot_update_step_data|: Belief        : (1.524, -0.914, -70.000)
2026-04-22 15:46:26,195 | MainThread   | [INFO    ] | update_step         |: Update Step
2026-04-22 15:46:26,196 | MainThread   | [INFO    ] | update_step         |:      | Update Time: 0.001 secs
2026-04-22 15:46:26,196 | MainThread   | [INFO    ] | plot_update_step_data|: Bel index     : (np.int64(9), np.int64(0), np.int64(4)) with prob = 0.9985829
2026-04-22 15:46:26,196 | MainThread   | [INFO    ] | plot_update_step_data|: Bel_bar prob at index = 0.00051440329218107
2026-04-22 15:46:26,196 | MainThread   | [INFO    ] | plot_update_step_data|: Belief        : (1.219, -1.219, -90.000)
2026-04-22 15:48:58,347 | MainThread   | [INFO    ] | update_step         |: Update Step
2026-04-22 15:48:58,348 | MainThread   | [INFO    ] | update_step         |:      | Update Time: 0.001 secs
2026-04-22 15:48:58,348 | MainThread   | [INFO    ] | plot_update_step_data|: Bel index     : (np.int64(10), np.int64(6), np.int64(4)) with prob = 0.9999999
2026-04-22 15:48:58,349 | MainThread   | [INFO    ] | plot_update_step_data|: Bel_bar prob at index = 0.00051440329218107
2026-04-22 15:48:58,349 | MainThread   | [INFO    ] | plot_update_step_data|: Belief        : (1.524, 0.610, -90.000)
2026-04-29 15:36:05,618 | MainThread   | [INFO    ] | update_step         |: Update Step
2026-04-29 15:36:05,626 | MainThread   | [INFO    ] | update_step         |:      | Update Time: 0.003 secs
2026-04-29 15:36:25,350 | MainThread   | [INFO    ] | update_step         |: Update Step
2026-04-29 15:36:25,354 | MainThread   | [INFO    ] | update_step         |:      | Update Time: 0.003 secs
2026-04-29 15:36:45,074 | MainThread   | [INFO    ] | update_step         |: Update Step
2026-04-29 15:36:45,077 | MainThread   | [INFO    ] | update_step         |:      | Update Time: 0.001 secs
2026-04-29 15:37:04,750 | MainThread   | [INFO    ] | update_step         |: Update Step
2026-04-29 15:37:04,754 | MainThread   | [INFO    ] | update_step         |:      | Update Time: 0.002 secs
2026-04-29 15:37:25,619 | MainThread   | [INFO    ] | update_step         |: Update Step
2026-04-29 15:37:25,623 | MainThread   | [INFO    ] | update_step         |:      | Update Time: 0.003 secs
