2026-04-14 11:49:42,028 | MainThread   | [DEBUG   ] | run                 |: Starting Flatland
2026-04-14 11:49:42,985 | MainThread   | [DEBUG   ] | __init__            |: | Observations per loop: 18
2026-04-14 11:51:47,295 | MainThread   | [DEBUG   ] | signal_handler      |: Received SIGTERM
2026-04-14 11:51:47,295 | MainThread   | [DEBUG   ] | run                 |: Exiting gracefully
2026-04-14 11:51:52,010 | MainThread   | [DEBUG   ] | run                 |: Starting Flatland
2026-04-14 11:51:52,524 | MainThread   | [DEBUG   ] | __init__            |: | Observations per loop: 18
2026-04-14 12:06:05,513 | MainThread   | [DEBUG   ] | run                 |: Exiting gracefully
2026-04-14 12:06:14,379 | MainThread   | [DEBUG   ] | run                 |: Starting Flatland
2026-04-14 12:06:14,906 | MainThread   | [DEBUG   ] | __init__            |: | Observations per loop: 18
2026-04-14 12:08:08,192 | MainThread   | [DEBUG   ] | run                 |: Exiting gracefully
2026-04-14 12:08:34,562 | MainThread   | [DEBUG   ] | run                 |: Starting Flatland
2026-04-14 12:08:35,072 | MainThread   | [DEBUG   ] | __init__            |: | Observations per loop: 18
2026-04-14 12:12:11,313 | MainThread   | [DEBUG   ] | run                 |: Exiting gracefully
2026-04-14 12:12:18,035 | MainThread   | [DEBUG   ] | run                 |: Starting Flatland
2026-04-14 12:12:18,546 | MainThread   | [DEBUG   ] | __init__            |: | Observations per loop: 18
2026-04-14 12:12:37,441 | MainThread   | [DEBUG   ] | run                 |: Exiting gracefully
2026-04-14 12:12:55,094 | MainThread   | [DEBUG   ] | run                 |: Starting Flatland
2026-04-14 12:12:55,608 | MainThread   | [DEBUG   ] | __init__            |: | Observations per loop: 18
2026-04-14 12:17:32,069 | MainThread   | [DEBUG   ] | run                 |: Exiting gracefully
2026-04-14 12:17:49,676 | MainThread   | [DEBUG   ] | run                 |: Starting Flatland
2026-04-14 12:17:50,184 | MainThread   | [DEBUG   ] | __init__            |: | Observations per loop: 18
2026-04-14 12:18:23,145 | MainThread   | [DEBUG   ] | run                 |: Exiting gracefully
2026-04-14 12:18:31,110 | MainThread   | [DEBUG   ] | run                 |: Starting Flatland
2026-04-14 12:18:31,629 | MainThread   | [DEBUG   ] | __init__            |: | Observations per loop: 18
2026-04-14 12:21:19,017 | MainThread   | [DEBUG   ] | run                 |: Exiting gracefully
2026-04-14 12:21:27,139 | MainThread   | [DEBUG   ] | run                 |: Starting Flatland
2026-04-14 12:21:27,646 | MainThread   | [DEBUG   ] | __init__            |: | Observations per loop: 18
2026-04-14 12:21:41,209 | MainThread   | [DEBUG   ] | run                 |: Exiting gracefully
2026-04-14 12:21:51,340 | MainThread   | [DEBUG   ] | run                 |: Starting Flatland
2026-04-14 12:21:51,858 | MainThread   | [DEBUG   ] | __init__            |: | Observations per loop: 18
2026-04-14 12:24:17,820 | MainThread   | [DEBUG   ] | run                 |: Exiting gracefully
2026-04-14 12:24:34,202 | MainThread   | [DEBUG   ] | run                 |: Starting Flatland
2026-04-14 12:24:34,716 | MainThread   | [DEBUG   ] | __init__            |: | Observations per loop: 18
2026-04-14 12:30:47,851 | MainThread   | [DEBUG   ] | run                 |: Exiting gracefully
2026-04-14 12:30:55,626 | MainThread   | [DEBUG   ] | run                 |: Starting Flatland
2026-04-14 12:30:56,141 | MainThread   | [DEBUG   ] | __init__            |: | Observations per loop: 18
2026-04-14 12:33:17,570 | MainThread   | [DEBUG   ] | signal_handler      |: Received SIGTERM
2026-04-14 12:33:17,570 | MainThread   | [DEBUG   ] | run                 |: Exiting gracefully
2026-04-14 12:33:17,667 | MainThread   | [DEBUG   ] | signal_handler      |: Received SIGTERM
2026-04-14 12:33:40,111 | MainThread   | [DEBUG   ] | run                 |: Starting Flatland
2026-04-14 12:33:40,643 | MainThread   | [DEBUG   ] | __init__            |: | Observations per loop: 18
2026-04-14 12:36:30,155 | MainThread   | [DEBUG   ] | signal_handler      |: Received SIGTERM
2026-04-14 12:36:30,155 | MainThread   | [DEBUG   ] | run                 |: Exiting gracefully
2026-04-14 12:36:30,184 | MainThread   | [DEBUG   ] | signal_handler      |: Received SIGTERM
2026-04-14 12:36:37,204 | MainThread   | [DEBUG   ] | run                 |: Starting Flatland
2026-04-14 12:36:37,719 | MainThread   | [DEBUG   ] | __init__            |: | Observations per loop: 18
2026-04-14 13:15:20,378 | MainThread   | [DEBUG   ] | run                 |: Exiting gracefully
2026-04-15 14:12:35,888 | MainThread   | [DEBUG   ] | run                 |: Starting Flatland
2026-04-15 14:12:36,448 | MainThread   | [DEBUG   ] | __init__            |: | Observations per loop: 18
2026-04-15 14:17:21,193 | MainThread   | [DEBUG   ] | _create_generator   |: | Executing Observation Loop at 120.000 deg/s
2026-04-15 14:17:24,043 | MainThread   | [DEBUG   ] | step                |: | Angle diff after obs loop :342.000 deg
2026-04-15 14:20:36,396 | MainThread   | [DEBUG   ] | run                 |: Exiting gracefully
2026-04-15 14:20:54,341 | MainThread   | [DEBUG   ] | run                 |: Starting Flatland
2026-04-15 14:20:54,858 | MainThread   | [DEBUG   ] | __init__            |: | Observations per loop: 18
2026-04-15 14:21:32,012 | MainThread   | [DEBUG   ] | _create_generator   |: | Executing Observation Loop at 120.000 deg/s
2026-04-15 14:21:34,870 | MainThread   | [DEBUG   ] | step                |: | Angle diff after obs loop :342.000 deg
2026-04-15 14:21:46,766 | MainThread   | [DEBUG   ] | _create_generator   |: | Executing Observation Loop at 120.000 deg/s
2026-04-15 14:21:49,632 | MainThread   | [DEBUG   ] | step                |: | Angle diff after obs loop :342.000 deg
2026-04-15 14:21:51,880 | MainThread   | [DEBUG   ] | _create_generator   |: | Executing Observation Loop at 120.000 deg/s
2026-04-15 14:21:54,743 | MainThread   | [DEBUG   ] | step                |: | Angle diff after obs loop :341.998 deg
2026-04-15 14:21:55,966 | MainThread   | [DEBUG   ] | _create_generator   |: | Executing Observation Loop at 120.000 deg/s
2026-04-15 14:21:58,831 | MainThread   | [DEBUG   ] | step                |: | Angle diff after obs loop :341.998 deg
2026-04-15 14:22:00,071 | MainThread   | [DEBUG   ] | _create_generator   |: | Executing Observation Loop at 120.000 deg/s
2026-04-15 14:22:02,939 | MainThread   | [DEBUG   ] | step                |: | Angle diff after obs loop :341.998 deg
2026-04-15 14:22:06,183 | MainThread   | [DEBUG   ] | _create_generator   |: | Executing Observation Loop at 120.000 deg/s
2026-04-15 14:22:09,048 | MainThread   | [DEBUG   ] | step                |: | Angle diff after obs loop :341.998 deg
2026-04-15 14:22:15,302 | MainThread   | [DEBUG   ] | _create_generator   |: | Executing Observation Loop at 120.000 deg/s
2026-04-15 14:22:18,142 | MainThread   | [DEBUG   ] | step                |: | Angle diff after obs loop :340.017 deg
2026-04-15 14:22:20,364 | MainThread   | [DEBUG   ] | _create_generator   |: | Executing Observation Loop at 120.000 deg/s
2026-04-15 14:22:23,213 | MainThread   | [DEBUG   ] | step                |: | Angle diff after obs loop :340.017 deg
2026-04-15 14:22:25,442 | MainThread   | [DEBUG   ] | _create_generator   |: | Executing Observation Loop at 120.000 deg/s
2026-04-15 14:22:28,291 | MainThread   | [DEBUG   ] | step                |: | Angle diff after obs loop :340.017 deg
2026-04-15 14:22:31,534 | MainThread   | [DEBUG   ] | _create_generator   |: | Executing Observation Loop at 120.000 deg/s
2026-04-15 14:22:34,380 | MainThread   | [DEBUG   ] | step                |: | Angle diff after obs loop :340.017 deg
2026-04-15 14:22:37,614 | MainThread   | [DEBUG   ] | _create_generator   |: | Executing Observation Loop at 120.000 deg/s
2026-04-15 14:22:40,452 | MainThread   | [DEBUG   ] | step                |: | Angle diff after obs loop :340.010 deg
2026-04-15 14:22:42,695 | MainThread   | [DEBUG   ] | _create_generator   |: | Executing Observation Loop at 120.000 deg/s
2026-04-15 14:22:45,548 | MainThread   | [DEBUG   ] | step                |: | Angle diff after obs loop :341.979 deg
2026-04-15 14:22:48,791 | MainThread   | [DEBUG   ] | _create_generator   |: | Executing Observation Loop at 120.000 deg/s
2026-04-15 14:22:51,837 | MainThread   | [DEBUG   ] | step                |: | Angle diff after obs loop :341.979 deg
2026-04-15 14:22:54,066 | MainThread   | [DEBUG   ] | _create_generator   |: | Executing Observation Loop at 120.000 deg/s
2026-04-15 14:22:56,927 | MainThread   | [DEBUG   ] | step                |: | Angle diff after obs loop :341.979 deg
2026-04-15 14:22:59,145 | MainThread   | [DEBUG   ] | _create_generator   |: | Executing Observation Loop at 120.000 deg/s
2026-04-15 14:23:02,015 | MainThread   | [DEBUG   ] | step                |: | Angle diff after obs loop :341.979 deg
2026-04-15 14:23:05,247 | MainThread   | [DEBUG   ] | _create_generator   |: | Executing Observation Loop at 120.000 deg/s
2026-04-15 14:23:08,106 | MainThread   | [DEBUG   ] | step                |: | Angle diff after obs loop :341.979 deg
2026-04-15 14:23:11,331 | MainThread   | [DEBUG   ] | _create_generator   |: | Executing Observation Loop at 120.000 deg/s
2026-04-15 14:23:16,883 | MainThread   | [DEBUG   ] | step                |: | Angle diff after obs loop :340.183 deg
2026-04-15 14:25:00,949 | MainThread   | [DEBUG   ] | run                 |: Exiting gracefully
2026-04-15 14:25:42,628 | MainThread   | [DEBUG   ] | run                 |: Starting Flatland
2026-04-15 14:25:43,147 | MainThread   | [DEBUG   ] | __init__            |: | Observations per loop: 18
2026-04-15 14:25:49,935 | MainThread   | [DEBUG   ] | run                 |: Exiting gracefully
2026-04-15 14:25:55,038 | MainThread   | [DEBUG   ] | run                 |: Starting Flatland
2026-04-15 14:25:55,553 | MainThread   | [DEBUG   ] | __init__            |: | Observations per loop: 18
2026-04-15 14:30:30,596 | MainThread   | [DEBUG   ] | run                 |: Exiting gracefully
2026-04-15 14:30:47,942 | MainThread   | [DEBUG   ] | run                 |: Starting Flatland
2026-04-15 14:30:48,463 | MainThread   | [DEBUG   ] | __init__            |: | Observations per loop: 18
2026-04-15 14:34:36,455 | MainThread   | [DEBUG   ] | run                 |: Exiting gracefully
2026-04-15 14:40:38,104 | MainThread   | [DEBUG   ] | run                 |: Starting Flatland
2026-04-15 14:40:38,624 | MainThread   | [DEBUG   ] | __init__            |: | Observations per loop: 18
2026-04-15 14:40:44,678 | MainThread   | [DEBUG   ] | run                 |: Exiting gracefully
2026-04-15 14:40:53,767 | MainThread   | [DEBUG   ] | run                 |: Starting Flatland
2026-04-15 14:40:54,296 | MainThread   | [DEBUG   ] | __init__            |: | Observations per loop: 18
2026-04-15 14:41:10,220 | MainThread   | [DEBUG   ] | _create_generator   |: | Executing Observation Loop at 120.000 deg/s
2026-04-15 14:41:13,218 | MainThread   | [DEBUG   ] | step                |: | Angle diff after obs loop :342.000 deg
2026-04-15 14:42:21,801 | MainThread   | [DEBUG   ] | _create_generator   |: | Executing Observation Loop at 120.000 deg/s
2026-04-15 14:42:24,922 | MainThread   | [DEBUG   ] | step                |: | Angle diff after obs loop :342.000 deg
2026-04-15 14:42:27,142 | MainThread   | [DEBUG   ] | _create_generator   |: | Executing Observation Loop at 120.000 deg/s
2026-04-15 14:42:30,241 | MainThread   | [DEBUG   ] | step                |: | Angle diff after obs loop :341.998 deg
2026-04-15 14:42:31,475 | MainThread   | [DEBUG   ] | _create_generator   |: | Executing Observation Loop at 120.000 deg/s
2026-04-15 14:42:34,588 | MainThread   | [DEBUG   ] | step                |: | Angle diff after obs loop :341.998 deg
2026-04-15 14:42:35,825 | MainThread   | [DEBUG   ] | _create_generator   |: | Executing Observation Loop at 120.000 deg/s
2026-04-15 14:42:38,948 | MainThread   | [DEBUG   ] | step                |: | Angle diff after obs loop :341.998 deg
2026-04-15 14:42:42,201 | MainThread   | [DEBUG   ] | _create_generator   |: | Executing Observation Loop at 120.000 deg/s
2026-04-15 14:42:45,348 | MainThread   | [DEBUG   ] | step                |: | Angle diff after obs loop :341.998 deg
2026-04-15 14:42:51,587 | MainThread   | [DEBUG   ] | _create_generator   |: | Executing Observation Loop at 120.000 deg/s
2026-04-15 14:42:54,696 | MainThread   | [DEBUG   ] | step                |: | Angle diff after obs loop :340.017 deg
2026-04-15 14:42:56,950 | MainThread   | [DEBUG   ] | _create_generator   |: | Executing Observation Loop at 120.000 deg/s
2026-04-15 14:43:00,045 | MainThread   | [DEBUG   ] | step                |: | Angle diff after obs loop :340.017 deg
2026-04-15 14:43:02,307 | MainThread   | [DEBUG   ] | _create_generator   |: | Executing Observation Loop at 120.000 deg/s
2026-04-15 14:43:05,423 | MainThread   | [DEBUG   ] | step                |: | Angle diff after obs loop :340.017 deg
2026-04-15 14:43:08,662 | MainThread   | [DEBUG   ] | _create_generator   |: | Executing Observation Loop at 120.000 deg/s
2026-04-15 14:43:12,920 | MainThread   | [DEBUG   ] | step                |: | Angle diff after obs loop :340.070 deg
2026-04-15 14:43:16,178 | MainThread   | [DEBUG   ] | _create_generator   |: | Executing Observation Loop at 120.000 deg/s
2026-04-15 14:43:19,304 | MainThread   | [DEBUG   ] | step                |: | Angle diff after obs loop :340.012 deg
2026-04-15 14:43:21,549 | MainThread   | [DEBUG   ] | _create_generator   |: | Executing Observation Loop at 120.000 deg/s
2026-04-15 14:43:24,682 | MainThread   | [DEBUG   ] | step                |: | Angle diff after obs loop :341.979 deg
2026-04-15 14:43:27,926 | MainThread   | [DEBUG   ] | _create_generator   |: | Executing Observation Loop at 120.000 deg/s
2026-04-15 14:43:31,045 | MainThread   | [DEBUG   ] | step                |: | Angle diff after obs loop :341.979 deg
2026-04-15 14:43:33,302 | MainThread   | [DEBUG   ] | _create_generator   |: | Executing Observation Loop at 120.000 deg/s
2026-04-15 14:43:36,414 | MainThread   | [DEBUG   ] | step                |: | Angle diff after obs loop :341.979 deg
2026-04-15 14:43:38,677 | MainThread   | [DEBUG   ] | _create_generator   |: | Executing Observation Loop at 120.000 deg/s
2026-04-15 14:43:41,807 | MainThread   | [DEBUG   ] | step                |: | Angle diff after obs loop :341.979 deg
2026-04-15 14:43:45,054 | MainThread   | [DEBUG   ] | _create_generator   |: | Executing Observation Loop at 120.000 deg/s
2026-04-15 14:43:48,166 | MainThread   | [DEBUG   ] | step                |: | Angle diff after obs loop :341.979 deg
2026-04-15 14:43:51,426 | MainThread   | [DEBUG   ] | _create_generator   |: | Executing Observation Loop at 120.000 deg/s
2026-04-15 14:43:54,995 | MainThread   | [DEBUG   ] | step                |: | Angle diff after obs loop :341.456 deg
2026-04-15 14:46:49,283 | MainThread   | [DEBUG   ] | run                 |: Exiting gracefully
2026-04-15 14:47:06,972 | MainThread   | [DEBUG   ] | run                 |: Starting Flatland
2026-04-15 14:47:07,485 | MainThread   | [DEBUG   ] | __init__            |: | Observations per loop: 18
2026-04-15 14:47:20,756 | MainThread   | [DEBUG   ] | _create_generator   |: | Executing Observation Loop at 120.000 deg/s
2026-04-15 14:47:23,611 | MainThread   | [DEBUG   ] | step                |: | Angle diff after obs loop :342.000 deg
2026-04-15 14:47:36,593 | MainThread   | [DEBUG   ] | _create_generator   |: | Executing Observation Loop at 120.000 deg/s
2026-04-15 14:47:39,453 | MainThread   | [DEBUG   ] | step                |: | Angle diff after obs loop :342.000 deg
2026-04-15 14:47:41,675 | MainThread   | [DEBUG   ] | _create_generator   |: | Executing Observation Loop at 120.000 deg/s
2026-04-15 14:47:44,536 | MainThread   | [DEBUG   ] | step                |: | Angle diff after obs loop :341.998 deg
2026-04-15 14:47:45,758 | MainThread   | [DEBUG   ] | _create_generator   |: | Executing Observation Loop at 120.000 deg/s
2026-04-15 14:47:48,616 | MainThread   | [DEBUG   ] | step                |: | Angle diff after obs loop :341.998 deg
2026-04-15 14:47:49,837 | MainThread   | [DEBUG   ] | _create_generator   |: | Executing Observation Loop at 120.000 deg/s
2026-04-15 14:47:52,700 | MainThread   | [DEBUG   ] | step                |: | Angle diff after obs loop :341.998 deg
2026-04-15 14:47:55,941 | MainThread   | [DEBUG   ] | _create_generator   |: | Executing Observation Loop at 120.000 deg/s
2026-04-15 14:47:58,801 | MainThread   | [DEBUG   ] | step                |: | Angle diff after obs loop :341.998 deg
2026-04-15 14:48:05,045 | MainThread   | [DEBUG   ] | _create_generator   |: | Executing Observation Loop at 120.000 deg/s
2026-04-15 14:48:07,893 | MainThread   | [DEBUG   ] | step                |: | Angle diff after obs loop :340.017 deg
2026-04-15 14:48:10,124 | MainThread   | [DEBUG   ] | _create_generator   |: | Executing Observation Loop at 120.000 deg/s
2026-04-15 14:48:12,966 | MainThread   | [DEBUG   ] | step                |: | Angle diff after obs loop :340.017 deg
2026-04-15 14:48:15,190 | MainThread   | [DEBUG   ] | _create_generator   |: | Executing Observation Loop at 120.000 deg/s
2026-04-15 14:48:18,041 | MainThread   | [DEBUG   ] | step                |: | Angle diff after obs loop :340.017 deg
2026-04-15 14:48:21,287 | MainThread   | [DEBUG   ] | _create_generator   |: | Executing Observation Loop at 120.000 deg/s
2026-04-15 14:48:24,128 | MainThread   | [DEBUG   ] | step                |: | Angle diff after obs loop :340.017 deg
2026-04-15 14:48:27,382 | MainThread   | [DEBUG   ] | _create_generator   |: | Executing Observation Loop at 120.000 deg/s
2026-04-15 14:48:30,224 | MainThread   | [DEBUG   ] | step                |: | Angle diff after obs loop :340.011 deg
2026-04-15 14:48:32,452 | MainThread   | [DEBUG   ] | _create_generator   |: | Executing Observation Loop at 120.000 deg/s
2026-04-15 14:48:35,311 | MainThread   | [DEBUG   ] | step                |: | Angle diff after obs loop :341.979 deg
2026-04-15 14:48:38,557 | MainThread   | [DEBUG   ] | _create_generator   |: | Executing Observation Loop at 120.000 deg/s
2026-04-15 14:48:41,422 | MainThread   | [DEBUG   ] | step                |: | Angle diff after obs loop :341.979 deg
2026-04-15 14:48:43,662 | MainThread   | [DEBUG   ] | _create_generator   |: | Executing Observation Loop at 120.000 deg/s
2026-04-15 14:48:46,528 | MainThread   | [DEBUG   ] | step                |: | Angle diff after obs loop :341.979 deg
2026-04-15 14:48:48,786 | MainThread   | [DEBUG   ] | _create_generator   |: | Executing Observation Loop at 120.000 deg/s
2026-04-15 14:48:51,639 | MainThread   | [DEBUG   ] | step                |: | Angle diff after obs loop :341.979 deg
2026-04-15 14:48:54,880 | MainThread   | [DEBUG   ] | _create_generator   |: | Executing Observation Loop at 120.000 deg/s
2026-04-15 14:48:57,750 | MainThread   | [DEBUG   ] | step                |: | Angle diff after obs loop :341.979 deg
2026-04-15 14:49:00,995 | MainThread   | [DEBUG   ] | _create_generator   |: | Executing Observation Loop at 120.000 deg/s
2026-04-15 14:49:03,871 | MainThread   | [DEBUG   ] | step                |: | Angle diff after obs loop :341.979 deg
2026-04-15 14:50:13,104 | MainThread   | [DEBUG   ] | run                 |: Exiting gracefully
2026-04-22 13:07:07,512 | MainThread   | [DEBUG   ] | run                 |: Starting Flatland
2026-04-22 13:07:08,491 | MainThread   | [DEBUG   ] | __init__            |: | Observations per loop: 18
2026-04-22 13:07:16,975 | MainThread   | [DEBUG   ] | _create_generator   |: | Executing Observation Loop at 120.000 deg/s
2026-04-22 13:07:19,854 | MainThread   | [DEBUG   ] | step                |: | Angle diff after obs loop :342.000 deg
2026-04-22 13:07:24,609 | MainThread   | [DEBUG   ] | _create_generator   |: | Executing Observation Loop at 120.000 deg/s
2026-04-22 13:07:27,481 | MainThread   | [DEBUG   ] | step                |: | Angle diff after obs loop :342.000 deg
2026-04-22 13:07:29,674 | MainThread   | [DEBUG   ] | _create_generator   |: | Executing Observation Loop at 120.000 deg/s
2026-04-22 13:07:32,543 | MainThread   | [DEBUG   ] | step                |: | Angle diff after obs loop :341.998 deg
2026-04-22 13:07:33,738 | MainThread   | [DEBUG   ] | _create_generator   |: | Executing Observation Loop at 120.000 deg/s
2026-04-22 13:07:36,601 | MainThread   | [DEBUG   ] | step                |: | Angle diff after obs loop :341.998 deg
2026-04-22 13:07:38,741 | MainThread   | [DEBUG   ] | _create_generator   |: | Executing Observation Loop at 120.000 deg/s
2026-04-22 13:07:41,616 | MainThread   | [DEBUG   ] | step                |: | Angle diff after obs loop :341.998 deg
2026-04-22 13:07:44,823 | MainThread   | [DEBUG   ] | _create_generator   |: | Executing Observation Loop at 120.000 deg/s
2026-04-22 13:07:48,633 | MainThread   | [DEBUG   ] | step                |: | Angle diff after obs loop :341.998 deg
2026-04-22 13:07:54,835 | MainThread   | [DEBUG   ] | _create_generator   |: | Executing Observation Loop at 120.000 deg/s
2026-04-22 13:07:57,691 | MainThread   | [DEBUG   ] | step                |: | Angle diff after obs loop :340.017 deg
2026-04-22 13:07:59,894 | MainThread   | [DEBUG   ] | _create_generator   |: | Executing Observation Loop at 120.000 deg/s
2026-04-22 13:08:02,759 | MainThread   | [DEBUG   ] | step                |: | Angle diff after obs loop :340.017 deg
2026-04-22 13:08:04,949 | MainThread   | [DEBUG   ] | _create_generator   |: | Executing Observation Loop at 120.000 deg/s
2026-04-22 13:08:07,802 | MainThread   | [DEBUG   ] | step                |: | Angle diff after obs loop :340.017 deg
2026-04-22 13:08:11,001 | MainThread   | [DEBUG   ] | _create_generator   |: | Executing Observation Loop at 120.000 deg/s
2026-04-22 13:08:13,866 | MainThread   | [DEBUG   ] | step                |: | Angle diff after obs loop :340.017 deg
2026-04-22 13:08:17,072 | MainThread   | [DEBUG   ] | _create_generator   |: | Executing Observation Loop at 120.000 deg/s
2026-04-22 13:08:19,931 | MainThread   | [DEBUG   ] | step                |: | Angle diff after obs loop :340.010 deg
2026-04-22 13:08:22,118 | MainThread   | [DEBUG   ] | _create_generator   |: | Executing Observation Loop at 120.000 deg/s
2026-04-22 13:08:24,977 | MainThread   | [DEBUG   ] | step                |: | Angle diff after obs loop :341.979 deg
2026-04-22 13:08:28,187 | MainThread   | [DEBUG   ] | _create_generator   |: | Executing Observation Loop at 120.000 deg/s
2026-04-22 13:08:34,972 | MainThread   | [DEBUG   ] | step                |: | Angle diff after obs loop :340.235 deg
2026-04-22 13:08:37,164 | MainThread   | [DEBUG   ] | _create_generator   |: | Executing Observation Loop at 120.000 deg/s
2026-04-22 13:08:40,034 | MainThread   | [DEBUG   ] | step                |: | Angle diff after obs loop :341.979 deg
2026-04-22 13:08:42,234 | MainThread   | [DEBUG   ] | _create_generator   |: | Executing Observation Loop at 120.000 deg/s
2026-04-22 13:08:45,083 | MainThread   | [DEBUG   ] | step                |: | Angle diff after obs loop :341.979 deg
2026-04-22 13:08:48,295 | MainThread   | [DEBUG   ] | _create_generator   |: | Executing Observation Loop at 120.000 deg/s
2026-04-22 13:08:51,153 | MainThread   | [DEBUG   ] | step                |: | Angle diff after obs loop :341.979 deg
2026-04-22 13:08:54,372 | MainThread   | [DEBUG   ] | _create_generator   |: | Executing Observation Loop at 120.000 deg/s
2026-04-22 13:09:03,377 | MainThread   | [DEBUG   ] | step                |: | Angle diff after obs loop :340.342 deg
2026-04-22 13:09:12,520 | MainThread   | [DEBUG   ] | run                 |: Exiting gracefully
2026-04-22 13:09:45,335 | MainThread   | [DEBUG   ] | run                 |: Starting Flatland
2026-04-22 13:09:46,078 | MainThread   | [DEBUG   ] | __init__            |: | Observations per loop: 18
2026-04-22 13:09:55,179 | MainThread   | [DEBUG   ] | _create_generator   |: | Executing Observation Loop at 120.000 deg/s
2026-04-22 13:09:58,039 | MainThread   | [DEBUG   ] | step                |: | Angle diff after obs loop :342.000 deg
2026-04-22 13:10:10,252 | MainThread   | [DEBUG   ] | _create_generator   |: | Executing Observation Loop at 120.000 deg/s
2026-04-22 13:10:13,094 | MainThread   | [DEBUG   ] | step                |: | Angle diff after obs loop :342.000 deg
2026-04-22 13:10:15,289 | MainThread   | [DEBUG   ] | _create_generator   |: | Executing Observation Loop at 120.000 deg/s
2026-04-22 13:10:19,136 | MainThread   | [DEBUG   ] | step                |: | Angle diff after obs loop :341.998 deg
2026-04-22 13:10:20,325 | MainThread   | [DEBUG   ] | _create_generator   |: | Executing Observation Loop at 120.000 deg/s
2026-04-22 13:10:23,194 | MainThread   | [DEBUG   ] | step                |: | Angle diff after obs loop :341.998 deg
2026-04-22 13:10:24,398 | MainThread   | [DEBUG   ] | _create_generator   |: | Executing Observation Loop at 120.000 deg/s
2026-04-22 13:10:27,269 | MainThread   | [DEBUG   ] | step                |: | Angle diff after obs loop :341.998 deg
2026-04-22 13:10:30,469 | MainThread   | [DEBUG   ] | _create_generator   |: | Executing Observation Loop at 120.000 deg/s
2026-04-22 13:10:33,344 | MainThread   | [DEBUG   ] | step                |: | Angle diff after obs loop :341.998 deg
2026-04-22 13:10:39,556 | MainThread   | [DEBUG   ] | _create_generator   |: | Executing Observation Loop at 120.000 deg/s
2026-04-22 13:10:42,402 | MainThread   | [DEBUG   ] | step                |: | Angle diff after obs loop :340.017 deg
2026-04-22 13:10:44,608 | MainThread   | [DEBUG   ] | _create_generator   |: | Executing Observation Loop at 120.000 deg/s
2026-04-22 13:10:47,460 | MainThread   | [DEBUG   ] | step                |: | Angle diff after obs loop :340.017 deg
2026-04-22 13:10:49,663 | MainThread   | [DEBUG   ] | _create_generator   |: | Executing Observation Loop at 120.000 deg/s
2026-04-22 13:10:52,520 | MainThread   | [DEBUG   ] | step                |: | Angle diff after obs loop :340.017 deg
2026-04-22 13:10:55,720 | MainThread   | [DEBUG   ] | _create_generator   |: | Executing Observation Loop at 120.000 deg/s
2026-04-22 13:10:58,567 | MainThread   | [DEBUG   ] | step                |: | Angle diff after obs loop :340.017 deg
2026-04-22 13:11:01,797 | MainThread   | [DEBUG   ] | _create_generator   |: | Executing Observation Loop at 120.000 deg/s
2026-04-22 13:11:04,650 | MainThread   | [DEBUG   ] | step                |: | Angle diff after obs loop :340.010 deg
2026-04-22 13:11:06,847 | MainThread   | [DEBUG   ] | _create_generator   |: | Executing Observation Loop at 120.000 deg/s
2026-04-22 13:11:09,715 | MainThread   | [DEBUG   ] | step                |: | Angle diff after obs loop :341.979 deg
2026-04-22 13:11:12,922 | MainThread   | [DEBUG   ] | _create_generator   |: | Executing Observation Loop at 120.000 deg/s
2026-04-22 13:11:15,792 | MainThread   | [DEBUG   ] | step                |: | Angle diff after obs loop :341.979 deg
2026-04-22 13:11:17,999 | MainThread   | [DEBUG   ] | _create_generator   |: | Executing Observation Loop at 120.000 deg/s
2026-04-22 13:11:20,858 | MainThread   | [DEBUG   ] | step                |: | Angle diff after obs loop :341.979 deg
2026-04-22 13:11:23,068 | MainThread   | [DEBUG   ] | _create_generator   |: | Executing Observation Loop at 120.000 deg/s
2026-04-22 13:11:25,937 | MainThread   | [DEBUG   ] | step                |: | Angle diff after obs loop :341.979 deg
2026-04-22 13:11:29,145 | MainThread   | [DEBUG   ] | _create_generator   |: | Executing Observation Loop at 120.000 deg/s
2026-04-22 13:11:32,023 | MainThread   | [DEBUG   ] | step                |: | Angle diff after obs loop :341.979 deg
2026-04-22 13:11:35,229 | MainThread   | [DEBUG   ] | _create_generator   |: | Executing Observation Loop at 120.000 deg/s
2026-04-22 13:11:38,102 | MainThread   | [DEBUG   ] | step                |: | Angle diff after obs loop :341.979 deg
2026-04-22 13:11:52,433 | MainThread   | [DEBUG   ] | run                 |: Exiting gracefully
